// Jest Snapshot v1, https://goo.gl/fbAQLP

exports[`renders correctly 1`] = `
<button
  className="artio-button"
  data-kind="contained"
  data-size="medium"
  data-tier="primary"
/>
`;
